#-----------------------------------------------------------
# Vivado v2024.2 (64-bit)
# SW Build 5239630 on Fri Nov 08 22:35:27 MST 2024
# IP Build 5239520 on Sun Nov 10 16:12:51 MST 2024
# SharedData Build 5239561 on Fri Nov 08 14:39:27 MST 2024
# Start of session at: Thu May 22 01:00:26 2025
# Process ID         : 24972
# Current directory  : C:/Users/shubh/logic_gates/logic_gates.runs/impl_1
# Command line       : vivado.exe -log logic_gates.vdi -applog -product Vivado -messageDb vivado.pb -mode batch -source logic_gates.tcl -notrace
# Log file           : C:/Users/shubh/logic_gates/logic_gates.runs/impl_1/logic_gates.vdi
# Journal file       : C:/Users/shubh/logic_gates/logic_gates.runs/impl_1\vivado.jou
# Running On         : Shubham-ka-laptop
# Platform           : Windows Server 2016 or Windows 10
# Operating System   : 26100
# Processor Detail   : AMD Ryzen 5 5625U with Radeon Graphics         
# CPU Frequency      : 2296 MHz
# CPU Physical cores : 6
# CPU Logical cores  : 12
# Host memory        : 16475 MB
# Swap memory        : 13958 MB
# Total Virtual      : 30434 MB
# Available Virtual  : 8743 MB
#-----------------------------------------------------------
source logic_gates.tcl -notrace
